  Body.cpp
  This is wrong: Vec4 cross(const Vec4& a, const Vec4& b)
  This questionable: Vec4 inverse(const Vec4& v)
  Camera.cpp
C:\Users\JJaks\Documents\GitHubDir\Framework-25.0.0-Physics\ComponentFramework\Body.cpp(42,60): warning C4244: '=': conversion from 'double' to 'float', possible loss of data
C:\Users\JJaks\Documents\GitHubDir\Framework-25.0.0-Physics\ComponentFramework\Body.cpp(47,61): warning C4244: '=': conversion from 'double' to 'float', possible loss of data
C:\Users\JJaks\Documents\GitHubDir\Framework-25.0.0-Physics\ComponentFramework\Body.cpp(52,61): warning C4244: '=': conversion from 'double' to 'float', possible loss of data
  This is wrong: Vec4 cross(const Vec4& a, const Vec4& b)
  This questionable: Vec4 inverse(const Vec4& v)
  Debug.cpp
  Mesh.cpp
C:\Users\JJaks\Documents\GitHubDir\Framework-25.0.0-Physics\ComponentFramework\Mesh.cpp(105,28): warning C4267: 'argument': conversion from 'size_t' to 'GLsizei', possible loss of data
C:\Users\JJaks\Documents\GitHubDir\Framework-25.0.0-Physics\ComponentFramework\Mesh.cpp(111,29): warning C4267: 'argument': conversion from 'size_t' to 'GLsizei', possible loss of data
  Scene0p.cpp
  This is wrong: Vec4 cross(const Vec4& a, const Vec4& b)
  This questionable: Vec4 inverse(const Vec4& v)
  Scene1g.cpp
  This is wrong: Vec4 cross(const Vec4& a, const Vec4& b)
  This questionable: Vec4 inverse(const Vec4& v)
  Scene1p.cpp
  This is wrong: Vec4 cross(const Vec4& a, const Vec4& b)
  This questionable: Vec4 inverse(const Vec4& v)
C:\Users\JJaks\Documents\GitHubDir\Framework-25.0.0-Physics\ComponentFramework\Scene1p.cpp(50,28): warning C4305: 'argument': truncation from 'double' to 'float'
  Scene2g.cpp
  This is wrong: Vec4 cross(const Vec4& a, const Vec4& b)
  This questionable: Vec4 inverse(const Vec4& v)
C:\Users\JJaks\Documents\GitHubDir\Framework-25.0.0-Physics\ComponentFramework\Scene2g.cpp(77,20): warning C4305: 'argument': truncation from 'double' to 'float'
C:\Users\JJaks\Documents\GitHubDir\Framework-25.0.0-Physics\ComponentFramework\Scene2g.cpp(83,30): warning C4305: 'argument': truncation from 'double' to 'float'
C:\Users\JJaks\Documents\GitHubDir\Framework-25.0.0-Physics\ComponentFramework\Scene2g.cpp(89,25): warning C4305: 'argument': truncation from 'double' to 'float'
C:\Users\JJaks\Documents\GitHubDir\Framework-25.0.0-Physics\ComponentFramework\Scene2g.cpp(95,30): warning C4305: 'argument': truncation from 'double' to 'float'
C:\Users\JJaks\Documents\GitHubDir\Framework-25.0.0-Physics\ComponentFramework\Scene2g.cpp(95,25): warning C4305: 'argument': truncation from 'double' to 'float'
  Scene2p.cpp
  This is wrong: Vec4 cross(const Vec4& a, const Vec4& b)
  This questionable: Vec4 inverse(const Vec4& v)
  Scene3g.cpp
  This is wrong: Vec4 cross(const Vec4& a, const Vec4& b)
  This questionable: Vec4 inverse(const Vec4& v)
  Scene3p.cpp
  This is wrong: Vec4 cross(const Vec4& a, const Vec4& b)
  This questionable: Vec4 inverse(const Vec4& v)
  Scene4g.cpp
  This is wrong: Vec4 cross(const Vec4& a, const Vec4& b)
  This questionable: Vec4 inverse(const Vec4& v)
C:\Users\JJaks\Documents\GitHubDir\Framework-25.0.0-Physics\ComponentFramework\Scene4g.cpp(43,11): warning C4305: 'argument': truncation from 'double' to 'const float'
C:\Users\JJaks\Documents\GitHubDir\Framework-25.0.0-Physics\ComponentFramework\Scene4g.cpp(44,25): warning C4244: '=': conversion from 'float' to 'int', possible loss of data
C:\Users\JJaks\Documents\GitHubDir\Framework-25.0.0-Physics\ComponentFramework\Scene4g.cpp(49,11): warning C4305: 'argument': truncation from 'double' to 'const float'
  Scene5g.cpp
  This is wrong: Vec4 cross(const Vec4& a, const Vec4& b)
  This questionable: Vec4 inverse(const Vec4& v)
  Scene6g.cpp
  This is wrong: Vec4 cross(const Vec4& a, const Vec4& b)
  This questionable: Vec4 inverse(const Vec4& v)
  Scene7g.cpp
  This is wrong: Vec4 cross(const Vec4& a, const Vec4& b)
  This questionable: Vec4 inverse(const Vec4& v)
  Scene8g.cpp
  This is wrong: Vec4 cross(const Vec4& a, const Vec4& b)
  This questionable: Vec4 inverse(const Vec4& v)
C:\Users\JJaks\Documents\GitHubDir\Framework-25.0.0-Physics\ComponentFramework\Scene8g.cpp(168,27): warning C4305: 'argument': truncation from 'double' to 'GLclampf'
C:\Users\JJaks\Documents\GitHubDir\Framework-25.0.0-Physics\ComponentFramework\Scene8g.cpp(168,21): warning C4305: 'argument': truncation from 'double' to 'GLclampf'
C:\Users\JJaks\Documents\GitHubDir\Framework-25.0.0-Physics\ComponentFramework\Scene8g.cpp(168,15): warning C4305: 'argument': truncation from 'double' to 'GLclampf'
  SceneManager.cpp
  This is wrong: Vec4 cross(const Vec4& a, const Vec4& b)
  This questionable: Vec4 inverse(const Vec4& v)
C:\Users\JJaks\Documents\GitHubDir\Framework-25.0.0-Physics\ComponentFramework\SceneManager.cpp(96,4): warning C5051: attribute [[fallthrough]] requires at least '/std:c++17'; ignored
  Main.cpp
C:\Users\JJaks\Documents\GitHubDir\Framework-25.0.0-Physics\ComponentFramework\Main.cpp(11,30): error C2338: static_assert failed: 'This program is not ready for 64-bit build'
  Scene0g.cpp
  This is wrong: Vec4 cross(const Vec4& a, const Vec4& b)
  This questionable: Vec4 inverse(const Vec4& v)
  Shader.cpp
C:\Users\JJaks\Documents\GitHubDir\Framework-25.0.0-Physics\ComponentFramework\Shader.cpp(93,33): warning C4267: '=': conversion from 'size_t' to 'GLsizei', possible loss of data
C:\Users\JJaks\Documents\GitHubDir\Framework-25.0.0-Physics\ComponentFramework\Shader.cpp(108,33): warning C4267: '=': conversion from 'size_t' to 'GLsizei', possible loss of data
C:\Users\JJaks\Documents\GitHubDir\Framework-25.0.0-Physics\ComponentFramework\Shader.cpp(137,34): warning C4267: '=': conversion from 'size_t' to 'GLsizei', possible loss of data
C:\Users\JJaks\Documents\GitHubDir\Framework-25.0.0-Physics\ComponentFramework\Shader.cpp(152,34): warning C4267: '=': conversion from 'size_t' to 'GLsizei', possible loss of data
C:\Users\JJaks\Documents\GitHubDir\Framework-25.0.0-Physics\ComponentFramework\Shader.cpp(187,34): warning C4267: '=': conversion from 'size_t' to 'GLsizei', possible loss of data
  Generating Code...
  Compiling...
  Noise.cpp
  SkyBox.cpp
  This is wrong: Vec4 cross(const Vec4& a, const Vec4& b)
  This questionable: Vec4 inverse(const Vec4& v)
C:\Users\JJaks\Documents\GitHubDir\Framework-25.0.0-Physics\ComponentFramework\SkyBox.cpp(81,14): warning C4101: 'textureSurface': unreferenced local variable
  Texture.cpp
  Timer.cpp
C:\Users\JJaks\Documents\GitHubDir\Framework-25.0.0-Physics\ComponentFramework\Timer.cpp(55,21): warning C4312: 'type cast': conversion from 'unsigned int' to 'void *' of greater size
  Trackball.cpp
  This is wrong: Vec4 cross(const Vec4& a, const Vec4& b)
  This questionable: Vec4 inverse(const Vec4& v)
C:\Users\JJaks\Documents\GitHubDir\Framework-25.0.0-Physics\ComponentFramework\Trackball.cpp(57,14): warning C4244: 'initializing': conversion from 'double' to 'float', possible loss of data
  Window.cpp
  Generating Code...
