e:\documents\githubdir\framework-25.0.0-physics\componentframework\debug\vc143.pdb
e:\documents\githubdir\framework-25.0.0-physics\componentframework\debug\vc143.idb
e:\documents\githubdir\framework-25.0.0-physics\componentframework\debug\shader.obj
e:\documents\githubdir\framework-25.0.0-physics\componentframework\debug\scene0g.obj
e:\documents\githubdir\framework-25.0.0-physics\componentframework\debug\main.obj
e:\documents\githubdir\framework-25.0.0-physics\componentframework\debug\scenemanager.obj
e:\documents\githubdir\framework-25.0.0-physics\componentframework\debug\scene8g.obj
e:\documents\githubdir\framework-25.0.0-physics\componentframework\debug\scene7g.obj
e:\documents\githubdir\framework-25.0.0-physics\componentframework\debug\scene6g.obj
e:\documents\githubdir\framework-25.0.0-physics\componentframework\debug\scene5g.obj
e:\documents\githubdir\framework-25.0.0-physics\componentframework\debug\scene4g.obj
e:\documents\githubdir\framework-25.0.0-physics\componentframework\debug\scene3p.obj
e:\documents\githubdir\framework-25.0.0-physics\componentframework\debug\scene3g.obj
e:\documents\githubdir\framework-25.0.0-physics\componentframework\debug\scene2p.obj
e:\documents\githubdir\framework-25.0.0-physics\componentframework\debug\scene2g.obj
e:\documents\githubdir\framework-25.0.0-physics\componentframework\debug\scene1p.obj
e:\documents\githubdir\framework-25.0.0-physics\componentframework\debug\scene1g.obj
e:\documents\githubdir\framework-25.0.0-physics\componentframework\debug\scene0p.obj
e:\documents\githubdir\framework-25.0.0-physics\componentframework\debug\mesh.obj
e:\documents\githubdir\framework-25.0.0-physics\componentframework\debug\debug.obj
e:\documents\githubdir\framework-25.0.0-physics\componentframework\debug\camera.obj
e:\documents\githubdir\framework-25.0.0-physics\componentframework\debug\body.obj
e:\documents\githubdir\framework-25.0.0-physics\componentframework\debug\window.obj
e:\documents\githubdir\framework-25.0.0-physics\componentframework\debug\trackball.obj
e:\documents\githubdir\framework-25.0.0-physics\componentframework\debug\timer.obj
e:\documents\githubdir\framework-25.0.0-physics\componentframework\debug\texture.obj
e:\documents\githubdir\framework-25.0.0-physics\componentframework\debug\skybox.obj
e:\documents\githubdir\framework-25.0.0-physics\componentframework\debug\noise.obj
e:\documents\githubdir\framework-25.0.0-physics\componentframework\debug\collision.obj
e:\documents\githubdir\framework-25.0.0-physics\debug\componentframework.exe
e:\documents\githubdir\framework-25.0.0-physics\debug\componentframework.pdb
e:\documents\githubdir\framework-25.0.0-physics\componentframework\debug\componentframework.ilk
e:\documents\githubdir\framework-25.0.0-physics\componentframework\debug\componen.614c2865.tlog\cl.command.1.tlog
e:\documents\githubdir\framework-25.0.0-physics\componentframework\debug\componen.614c2865.tlog\cl.items.tlog
e:\documents\githubdir\framework-25.0.0-physics\componentframework\debug\componen.614c2865.tlog\cl.read.1.tlog
e:\documents\githubdir\framework-25.0.0-physics\componentframework\debug\componen.614c2865.tlog\cl.write.1.tlog
e:\documents\githubdir\framework-25.0.0-physics\componentframework\debug\componen.614c2865.tlog\link.command.1.tlog
e:\documents\githubdir\framework-25.0.0-physics\componentframework\debug\componen.614c2865.tlog\link.read.1.tlog
e:\documents\githubdir\framework-25.0.0-physics\componentframework\debug\componen.614c2865.tlog\link.secondary.1.tlog
e:\documents\githubdir\framework-25.0.0-physics\componentframework\debug\componen.614c2865.tlog\link.write.1.tlog
